2026-09-24T09:10:29.4676504Z ##[group]Run bash tests/host/run.sh
2026-09-24T09:10:29.4882199Z == host tests (plain) ==
2026-09-24T09:10:30.3529537Z 20/20 passed
2026-09-24T09:10:31.0239321Z 11/11 passed
2026-09-24T09:10:31.6319117Z 2/2 passed
2026-09-24T09:10:32.2797611Z 6/6 passed
2026-09-24T09:10:32.8847750Z 4/4 passed
2026-09-24T09:10:33.5997675Z 16/16 passed
2026-09-24T09:10:34.2082050Z 6/6 passed
2026-09-24T09:10:34.9480088Z 20/20 passed
2026-09-24T09:10:35.7050078Z 15/15 passed
2026-09-24T09:10:37.0064101Z 4/4 passed
2026-09-24T09:10:37.0070481Z 8/8 passed
2026-09-24T09:10:37.7324331Z 13/13 passed
2026-09-24T09:10:37.7324713Z == host tests (ASan+UBSan) ==
2026-09-24T09:10:39.7007871Z 20/20 passed
2026-09-24T09:10:41.1948885Z 11/11 passed
2026-09-24T09:10:42.5241245Z 2/2 passed
2026-09-24T09:10:43.9288203Z 6/6 passed
2026-09-24T09:10:45.3026977Z 4/4 passed
2026-09-24T09:10:46.8701258Z 16/16 passed
2026-09-24T09:10:48.2649232Z 6/6 passed
2026-09-24T09:10:49.9196628Z 20/20 passed
2026-09-24T09:10:51.7008540Z 15/15 passed
2026-09-24T09:10:53.0510055Z 4/4 passed
2026-09-24T09:10:54.6095973Z 8/8 passed
2026-09-24T09:10:56.2739595Z 13/13 passed
2026-09-24T09:10:56.2786016Z ALL HOST TESTS PASSED
