2026-09-24T09:17:32.5181558Z ##[group]Run python3 tests/host/validate_reference_pcap.py tests/host/build/reference.pcap
2026-09-24T09:17:32.5182217Z [36;1mpython3 tests/host/validate_reference_pcap.py tests/host/build/reference.pcap[0m
2026-09-24T09:17:32.5246570Z shell: /usr/bin/bash -e {0}
2026-09-24T09:17:32.5246826Z ##[endgroup]
2026-09-24T09:17:32.9499002Z TShark (Wireshark) 4.2.2 (Git v4.2.2 packaged as 4.2.2-1.1build3).
2026-09-24T09:17:32.9499628Z == capinfos ==
2026-09-24T09:17:32.9500015Z File name:           tests/host/build/reference.pcap
2026-09-24T09:17:32.9500510Z Packet size limit:   file hdr: 527 bytes
2026-09-24T09:17:32.9500962Z Packet size limit:   inferred: 63 bytes
2026-09-24T09:17:32.9501425Z Number of packets:   11
2026-09-24T09:17:32.9501797Z File size:           810 bytes
2026-09-24T09:17:32.9502235Z == TShark fields (tab-separated) ==
2026-09-24T09:17:32.9503224Z frame.number	frame.cap_len	frame.len	frame.time_epoch	radiotap.channel.freq	radiotap.dbm_antsignal	wlan.sa	wlan.da	eapol.type
2026-09-24T09:17:32.9504583Z 1	60	60	1700000000.999900000	2412	-42	02:11:22:33:44:55	ff:ff:ff:ff:ff:ff	
2026-09-24T09:17:32.9505287Z 2	41	41	1700000000.999950000	2437	-65	02:aa:bb:cc:dd:01	ff:ff:ff:ff:ff:ff	
2026-09-24T09:17:32.9505959Z 3	47	47	1700000001.000100000	2462	-47	02:aa:bb:cc:dd:01	02:11:22:33:44:55	
2026-09-24T09:17:32.9506616Z 4	44	44	1700000001.001000000		-55	02:aa:bb:cc:dd:01	02:11:22:33:44:55	
2026-09-24T09:17:32.9507269Z 5	39	39	1700000001.002000000	2484	-78	02:aa:bb:cc:dd:01	02:11:22:33:44:55	
2026-09-24T09:17:32.9507948Z 6	41	41	1700000001.003000000	2412	-83	02:aa:bb:cc:dd:01	02:11:22:33:44:55	
2026-09-24T09:17:32.9508508Z 7	25	25	1700000001.999900000	2437	-90			
2026-09-24T09:17:32.9509033Z 8	56	56	1700000002.000000000	2437	-42	02:aa:bb:cc:dd:01	02:11:22:33:44:55	0
2026-09-24T09:17:32.9509932Z 9	146	146	1700000002.099900000	2462	-37	02:11:22:33:44:55	02:aa:bb:cc:dd:01	3
2026-09-24T09:17:32.9510760Z 10	63	146	1700000002.199900000	2484	-60	02:11:22:33:44:55	02:aa:bb:cc:dd:01	3
2026-09-24T09:17:32.9511522Z 11	48	48	1700000002.234467000		-80	ff:ff:ff:ff:ff:ff	02:11:22:33:44:55
2026-09-24T09:17:32.9512296Z PASS: generated PCAP matches committed reference.pcap (810 bytes)
2026-09-24T09:17:32.9512900Z PASS: 11 frame rows match expected.tsv
2026-09-24T09:17:32.9513375Z == malformed diagnostic frame numbers ==
2026-09-24T09:17:32.9514047Z (none)
2026-09-24T09:17:32.9514513Z PASS: only the intentionally capture-truncated frame may be malformed
