ESP-ROM:esp32c6-20220919
Build:Sep 19 2022
rst:0x15 (USB_UART_HPSYS),boot:0x6e (SPI_FAST_FLASH_BOOT)
Saved PC:0x4001a36e
SPIWP:0xee
mode:DIO, clock div:2
load:0x40875720,len:0x16b8
load:0x4086c110,len:0xe84
load:0x4086e610,len:0x3048
entry 0x4086c11a
I (23) boot: ESP-IDF v5.4 2nd stage bootloader
I (23) boot: compile time Sep 23 2026 16:50:13
I (24) boot: chip revision: v0.2
I (24) boot: efuse block revision: v0.3
I (26) boot.esp32c6: SPI Speed      : 80MHz
I (30) boot.esp32c6: SPI Mode       : DIO
I (34) boot.esp32c6: SPI Flash Size : 8MB
I (38) boot: Enabling RNG early entropy source...
I (42) boot: Partition Table:
I (45) boot: ## Label            Usage          Type ST Offset   Length
I (51) boot:  0 nvs              WiFi data        01 02 00009000 00006000
I (58) boot:  1 phy_init         RF data          01 01 0000f000 00001000
I (64) boot:  2 factory          factory app      00 00 00010000 00400000
I (71) boot: End of partition table
I (74) esp_image: segment 0: paddr=00010020 vaddr=420e0020 size=26a4ch (158284) map
I (111) esp_image: segment 1: paddr=00036a74 vaddr=40800000 size=095a4h ( 38308) load
I (120) esp_image: segment 2: paddr=00040020 vaddr=42000020 size=d08a4h (854180) map
I (278) esp_image: segment 3: paddr=001108cc vaddr=408095a4 size=18564h ( 99684) load
I (300) esp_image: segment 4: paddr=00128e38 vaddr=40821b10 size=03dc8h ( 15816) load
I (304) esp_image: segment 5: paddr=0012cc08 vaddr=50000000 size=0001ch (    28) load
I (312) boot: Loaded app from partition at offset 0x10000
I (313) boot: Disabling RNG early entropy source...
I (325) cpu_start: Unicore app
I (333) cpu_start: Pro cpu start user code
I (334) cpu_start: cpu freq: 160000000 Hz
I (334) app_init: Application information:
I (334) app_init: Project name:     esp32c6_pwnagotchi
I (338) app_init: App version:      ee90aeb
I (342) app_init: Compile time:     Sep 23 2026 16:50:07
I (347) app_init: ELF file SHA256:  79c699447...
I (352) app_init: ESP-IDF:          v5.4
I (355) efuse_init: Min chip rev:     v0.0
I (359) efuse_init: Max chip rev:     v0.99 
I (363) efuse_init: Chip rev:         v0.2
I (367) heap_init: Initializing. RAM available for dynamic allocation:
I (373) heap_init: At 4082EC30 len 0004D9E0 (310 KiB): RAM
I (379) heap_init: At 4087C610 len 00002F54 (11 KiB): RAM
I (384) heap_init: At 5000001C len 00003FCC (15 KiB): RTCRAM
I (390) spi_flash: detected chip: generic
I (393) spi_flash: flash io: dio
W (396) i2c: This driver is an old driver, please migrate your application code to adapt `driver/i2c_master.h`
I (406) sleep_gpio: Configure to isolate all GPIO pins in sleep state
I (412) sleep_gpio: Enable automatic switching of GPIO sleep configuration
I (418) coexist: coex firmware version: 49a8cdc
I (423) coexist: coexist rom version 5b8dcfa
I (427) main_task: Started on CPU0
I (429) main_task: Calling app_main()
I (433) phase1c: esp32c6-Pwnagotchi Phase 1C beacon/probe IE parser
I (439) phase1c: firmware git commit: ee90aeb5fc3d1d39099f7db9a2735fa1abd707fb (ee90aeb)
I (447) board_backlight: backlight PWM ready on GPIO15 (inverted, duty 0 = full on)
I (454) board_i2c: I2C0 ready: SDA=18 SCL=8 @ 200000 Hz
I (459) board_touch: CST78x touch ready at I2C address 0x15
I (465) board_spi: SPI2 ready: MOSI=4 MISO=19 SCLK=5
I (469) gpio: GPIO[6]| InputEn: 0| OutputEn: 1| OpenDrain: 0| Pullup: 0| Pulldown: 0| Intr:0 
I (477) gpio: GPIO[14]| InputEn: 0| OutputEn: 1| OpenDrain: 0| Pullup: 0| Pulldown: 0| Intr:0 
I (485) sh8601: LCD panel create success, version: 1.0.0
I (813) board_display: LCD/LVGL ready: SH8601 170x320, x-offset=35
I (814) gpio: GPIO[20]| InputEn: 0| OutputEn: 1| OpenDrain: 0| Pullup: 0| Pulldown: 0| Intr:0 
I (819) sdspi_transaction: cmd=52, R1 response: command not supported
I (864) sdspi_transaction: cmd=5, R1 response: command not supported
Name: SA01G
Type: SDSC
Speed: 20.00 MHz (limit: 20.00 MHz)
Size: 972MB
CSD: ver=1, sector_size=512, capacity=1990656 read_bl_len=9
SSR: bus_width=1
I (888) board_sd: SD mount: OK at /sd_card, size 0.95 GB
I (922) board_sd: SD write: OK (/sd_card/phase0_test.txt)
I (925) board_sd: SD read: OK -> 'esp32c6-Pwnagotchi phase0'
I (925) board_sd: SD verify: OK
I (933) pp: pp rom version: 5b8dcfa
I (934) net80211: net80211 rom version: 5b8dcfa
I (936) wifi:wifi driver task: 4084866c, prio:23, stack:6656, core=0
I (941) wifi:wifi firmware version: 48ea317a7
I (942) wifi:wifi certification version: v7.0
I (946) wifi:config NVS flash: enabled
I (949) wifi:config nano formatting: disabled
I (954) wifi:mac_version:HAL_MAC_ESP32AX_761,ut_version:N, band mode:0x1
I (960) wifi:Init data frame dynamic rx buffer num: 32
I (965) wifi:Init static rx mgmt buffer num: 5
I (969) wifi:Init management short buffer num: 32
I (973) wifi:Init dynamic tx buffer num: 32
I (977) wifi:Init static tx FG buffer num: 2
I (981) wifi:Init static rx buffer size: 1700 (rxctrl:92, csi:512)
I (987) wifi:Init static rx buffer num: 10
I (991) wifi:Init dynamic rx buffer num: 32
I (996) wifi_init: rx ba win: 6
I (998) wifi_init: accept mbox: 6
I (1001) wifi_init: tcpip mbox: 32
I (1004) wifi_init: udp mbox: 6
I (1007) wifi_init: tcp mbox: 6
I (1010) wifi_init: tcp tx win: 5760
I (1013) wifi_init: tcp rx win: 5760
I (1016) wifi_init: tcp mss: 1440
I (1019) wifi_init: WiFi IRAM OP enabled
I (1023) wifi_init: WiFi RX IRAM OP enabled
I (1027) wifi_init: WiFi SLP IRAM OP enabled
I (1031) RADIO: wifi driver ready (pool=24 pkts x 520 B, queues=24)
I (1037) phy_init: phy_version 320,348a293,Sep  3 2024,16:33:12
W (1125) wifi:ACK_TAB0   :0x   90a0b, QAM16:0x9 (24Mbps), QPSK:0xa (12Mbps), BPSK:0xb (6Mbps)
W (1125) wifi:CTS_TAB0   :0x   90a0b, QAM16:0x9 (24Mbps), QPSK:0xa (12Mbps), BPSK:0xb (6Mbps)
W (1130) wifi:(agc)0x600a7128:0xd211c9ee, min.avgNF:0xce->0xd2(dB), RCalCount:0x11c, min.RRssi:0x9ee(-97.12)
W (1140) wifi:(TB)WDEV_PWR_TB_MCS0:19
W (1143) wifi:(TB)WDEV_PWR_TB_MCS1:19
W (1147) wifi:(TB)WDEV_PWR_TB_MCS2:19
W (1150) wifi:(TB)WDEV_PWR_TB_MCS3:19
W (1153) wifi:(TB)WDEV_PWR_TB_MCS4:19
W (1157) wifi:(TB)WDEV_PWR_TB_MCS5:19
W (1160) wifi:(TB)WDEV_PWR_TB_MCS6:18
W (1163) wifi:(TB)WDEV_PWR_TB_MCS7:18
W (1167) wifi:(TB)WDEV_PWR_TB_MCS8:17
W (1170) wifi:(TB)WDEV_PWR_TB_MCS9:15
W (1174) wifi:(TB)WDEV_PWR_TB_MCS10:15
W (1177) wifi:(TB)WDEV_PWR_TB_MCS11:15
I (1181) wifi:11ax coex: WDEVAX_PTI0(0x55777555), WDEVAX_PTI1(0x00003377).

I (1188) wifi:mode : sta (ac:eb:e6:3a:53:18)
I (1191) wifi:enable tsf
I (1196) wifi:ic_enable_sniffer
I (1197) RADIO: promiscuous RX started on channel 6
I (1204) board_backlight: brightness=80%
I (1205) phase1c: Phase 1C ready: LCD=OK I2C=OK Touch=OK SD=OK WiFi=SNIFFING
I (1212) main_task: Returned from app_main()
I (1274) OBS: AP bssid=DA:33:2A:21:5D:40 ssid="@DLMU" rssi=-75 rx_ch=6 adv_ch=6 bintv=100 sec=OPEN
I (1715) OBS: PROBE src=58:0D:0D:CA:D3:D6 ssid="TP-LINK_B334" rssi=-83 ch=6
I (2864) OBS: PROBE src=C6:C6:14:74:72:B6 ssid=<wildcard> rssi=-92 ch=6
I (4031) RADIO: rx=68 queued=68 processed=68 drop=0 trunc=0 st_err=0 mgmt=65 data=0 ctrl=3 misc=0 q=0/1 heap=201780 min_heap=197012
I (4031) 80211: total=68 err=0 invalid=0 mismatch=0
I (4036) 80211: MGMT=65 beacon=59 probe_req=6 probe_resp=0 auth=0 assoc_req=0 deauth=0 other=0
I (4044) 80211: CTRL=3 rts=0 cts=0 ack=3 bar=0 ba=0 other=0
I (4049) 80211: DATA=0 qos_data=0 qos_null=0 null=0 other=0
I (4055) OBS: ap=4 beacon=59 berr=0 preq=6 perr=0 presp=0 ie=1325 ie_err=0 ssid=58 hidden=1 rsn=1 wpa=0 ds=59
I (4908) OBS: AP bssid=00:AD:D5:A9:82:D9 ssid=<hidden> rssi=-86 rx_ch=6 adv_ch=6 bintv=100 sec=RSN
I (7065) RADIO: rx=127 queued=127 processed=127 drop=0 trunc=0 st_err=0 mgmt=121 data=0 ctrl=6 misc=0 q=0/1 heap=201784 min_heap=197012
I (7066) 80211: total=127 err=0 invalid=0 mismatch=0
I (7070) 80211: MGMT=121 beacon=112 probe_req=8 probe_resp=1 auth=0 assoc_req=0 deauth=0 other=0
I (7079) 80211: CTRL=6 rts=0 cts=0 ack=6 bar=0 ba=0 other=0
I (7084) 80211: DATA=0 qos_data=0 qos_null=0 null=0 other=0
I (7089) OBS: ap=5 beacon=112 berr=0 preq=8 perr=0 presp=1 ie=2512 ie_err=0 ssid=108 hidden=5 rsn=5 wpa=0 ds=113
I (10099) RADIO: rx=180 queued=180 processed=180 drop=0 trunc=0 st_err=0 mgmt=173 data=1 ctrl=6 misc=0 q=0/1 heap=201784 min_heap=197012
I (10100) 80211: total=180 err=0 invalid=0 mismatch=0
I (10104) 80211: MGMT=173 beacon=162 probe_req=10 probe_resp=1 auth=0 assoc_req=0 deauth=0 other=0
I (10113) 80211: CTRL=6 rts=0 cts=0 ack=6 bar=0 ba=0 other=0
I (10119) 80211: DATA=1 qos_data=0 qos_null=0 null=0 other=0
I (10124) OBS: ap=5 beacon=162 berr=0 preq=10 perr=0 presp=1 ie=3616 ie_err=0 ssid=157 hidden=6 rsn=6 wpa=0 ds=163
I (12552) OBS: AP bssid=58:EA:1F:B2:AC:CA ssid="..................10cm" rssi=-91 rx_ch=6 adv_ch=6 bintv=100 sec=RSN
I (13134) RADIO: rx=233 queued=233 processed=233 drop=0 trunc=0 st_err=0 mgmt=225 data=2 ctrl=6 misc=0 q=0/1 heap=201780 min_heap=197012
I (13135) 80211: total=233 err=0 invalid=0 mismatch=0
I (13139) 80211: MGMT=225 beacon=210 probe_req=14 probe_resp=1 auth=0 assoc_req=0 deauth=0 other=0
I (13148) 80211: CTRL=6 rts=0 cts=0 ack=6 bar=0 ba=0 other=0
I (13153) 80211: DATA=2 qos_data=0 qos_null=0 null=0 other=0
I (13159) OBS: ap=6 beacon=210 berr=0 preq=14 perr=0 presp=1 ie=4675 ie_err=0 ssid=203 hidden=8 rsn=9 wpa=0 ds=211
I (16169) RADIO: rx=284 queued=284 processed=284 drop=0 trunc=0 st_err=0 mgmt=274 data=4 ctrl=6 misc=0 q=0/1 heap=201780 min_heap=197012
I (16170) 80211: total=284 err=0 invalid=0 mismatch=0
I (16174) 80211: MGMT=274 beacon=256 probe_req=17 probe_resp=1 auth=0 assoc_req=0 deauth=0 other=0
I (16183) 80211: CTRL=6 rts=0 cts=0 ack=6 bar=0 ba=0 other=0
I (16189) 80211: DATA=4 qos_data=0 qos_null=0 null=0 other=0
I (16194) OBS: ap=6 beacon=256 berr=0 preq=17 perr=0 presp=1 ie=5691 ie_err=0 ssid=249 hidden=8 rsn=10 wpa=0 ds=257
I (19204) RADIO: rx=338 queued=338 processed=338 drop=0 trunc=0 st_err=0 mgmt=328 data=4 ctrl=6 misc=0 q=0/1 heap=201780 min_heap=197012
I (19205) 80211: total=338 err=0 invalid=0 mismatch=0
I (19209) 80211: MGMT=328 beacon=307 probe_req=20 probe_resp=1 auth=0 assoc_req=0 deauth=0 other=0
I (19218) 80211: CTRL=6 rts=0 cts=0 ack=6 bar=0 ba=0 other=0
I (19224) 80211: DATA=4 qos_data=0 qos_null=0 null=0 other=0
I (19229) OBS: ap=6 beacon=307 berr=0 preq=20 perr=0 presp=1 ie=6816 ie_err=0 ssid=299 hidden=9 rsn=12 wpa=0 ds=308
I (20242) OBS: PROBE src=5A:FF:9E:A1:8B:E9 ssid=<wildcard> rssi=-87 ch=6
I (21509) OBS: PROBE src=E6:D1:BF:D6:C2:4B ssid=<wildcard> rssi=-87 ch=6
I (22239) RADIO: rx=404 queued=404 processed=404 drop=0 trunc=0 st_err=0 mgmt=385 data=4 ctrl=15 misc=0 q=0/1 heap=201780 min_heap=197012
I (22240) 80211: total=404 err=0 invalid=0 mismatch=0
I (22245) 80211: MGMT=385 beacon=350 probe_req=29 probe_resp=6 auth=0 assoc_req=0 deauth=0 other=0
I (22253) 80211: CTRL=15 rts=0 cts=0 ack=15 bar=0 ba=0 other=0
I (22259) 80211: DATA=4 qos_data=0 qos_null=0 null=0 other=0
I (22309) OBS: ap=6 beacon=350 berr=0 preq=29 perr=0 presp=6 ie=7930 ie_err=0 ssid=347 hidden=9 rsn=13 wpa=0 ds=356
I (22840) OBS: AP bssid=00:AD:D5:A9:82:D8 ssid="402" rssi=-85 rx_ch=6 adv_ch=6 bintv=100 sec=RSN
I (24132) OBS: PROBE src=1A:0E:DF:C0:68:B6 ssid=<wildcard> rssi=-86 ch=6
I (25309) RADIO: rx=477 queued=477 processed=477 drop=0 trunc=0 st_err=0 mgmt=452 data=4 ctrl=21 misc=0 q=0/1 heap=201780 min_heap=197012
I (25310) 80211: total=477 err=0 invalid=0 mismatch=0
I (25315) 80211: MGMT=452 beacon=409 probe_req=30 probe_resp=13 auth=0 assoc_req=0 deauth=0 other=0
I (25323) 80211: CTRL=21 rts=0 cts=0 ack=21 bar=0 ba=0 other=0
I (25329) 80211: DATA=4 qos_data=0 qos_null=0 null=0 other=0
I (25334) OBS: ap=7 beacon=409 berr=0 preq=30 perr=0 presp=13 ie=9383 ie_err=0 ssid=412 hidden=10 rsn=15 wpa=1 ds=422
I (28345) RADIO: rx=547 queued=547 processed=547 drop=0 trunc=0 st_err=0 mgmt=521 data=5 ctrl=21 misc=0 q=0/1 heap=201780 min_heap=197012
I (28346) 80211: total=547 err=0 invalid=0 mismatch=0
I (28351) 80211: MGMT=521 beacon=466 probe_req=36 probe_resp=19 auth=0 assoc_req=0 deauth=0 other=0
I (28359) 80211: CTRL=21 rts=0 cts=0 ack=21 bar=0 ba=0 other=0
I (28365) 80211: DATA=5 qos_data=0 qos_null=0 null=0 other=0
I (28370) OBS: ap=7 beacon=466 berr=0 preq=36 perr=0 presp=19 ie=10779 ie_err=0 ssid=473 hidden=12 rsn=17 wpa=1 ds=485
I (31381) RADIO: rx=603 queued=603 processed=603 drop=0 trunc=0 st_err=0 mgmt=577 data=5 ctrl=21 misc=0 q=0/1 heap=201780 min_heap=197012
I (31382) 80211: total=603 err=0 invalid=0 mismatch=0
I (31387) 80211: MGMT=577 beacon=520 probe_req=38 probe_resp=19 auth=0 assoc_req=0 deauth=0 other=0
I (31395) 80211: CTRL=21 rts=0 cts=0 ack=21 bar=0 ba=0 other=0
I (31401) 80211: DATA=5 qos_data=0 qos_null=0 null=0 other=0
I (31406) OBS: ap=7 beacon=520 berr=0 preq=38 perr=0 presp=19 ie=11973 ie_err=0 ssid=527 hidden=12 rsn=18 wpa=2 ds=539
I (31494) OBS: PROBE src=70:08:94:26:12:6D ssid="@DLMU" rssi=-62 ch=6
I (34417) RADIO: rx=663 queued=663 processed=663 drop=0 trunc=0 st_err=0 mgmt=633 data=7 ctrl=23 misc=0 q=0/1 heap=201780 min_heap=197012
I (34418) 80211: total=663 err=0 invalid=0 mismatch=0
I (34423) 80211: MGMT=633 beacon=573 probe_req=40 probe_resp=20 auth=0 assoc_req=0 deauth=0 other=0
I (34431) 80211: CTRL=23 rts=0 cts=0 ack=23 bar=0 ba=0 other=0
I (34437) 80211: DATA=7 qos_data=0 qos_null=0 null=0 other=0
I (34442) OBS: ap=7 beacon=573 berr=0 preq=40 perr=0 presp=20 ie=13159 ie_err=0 ssid=579 hidden=14 rsn=22 wpa=2 ds=593
