2026-09-24T09:16:54.0916971Z ##[group]Run bash tests/host/run.sh
2026-09-24T09:16:54.1373092Z == host tests (plain) ==
2026-09-24T09:16:54.9645835Z 20/20 passed
2026-09-24T09:16:55.5652304Z 11/11 passed
2026-09-24T09:16:56.1098824Z 2/2 passed
2026-09-24T09:16:56.6882791Z 6/6 passed
2026-09-24T09:16:57.2482367Z 4/4 passed
2026-09-24T09:16:57.9004852Z 16/16 passed
2026-09-24T09:16:58.4685627Z 6/6 passed
2026-09-24T09:16:59.1456216Z 20/20 passed
2026-09-24T09:16:59.8439314Z 15/15 passed
2026-09-24T09:17:00.4126238Z 4/4 passed
2026-09-24T09:17:01.7292475Z 8/8 passed
2026-09-24T09:17:01.7307828Z 13/13 passed
2026-09-24T09:17:01.7308190Z == host tests (ASan+UBSan) ==
2026-09-24T09:17:03.6479695Z 20/20 passed
2026-09-24T09:17:05.0246654Z 11/11 passed
2026-09-24T09:17:06.2520509Z 2/2 passed
2026-09-24T09:17:07.5423882Z 6/6 passed
2026-09-24T09:17:08.7882307Z 4/4 passed
2026-09-24T09:17:10.2596694Z 16/16 passed
2026-09-24T09:17:11.5490611Z 6/6 passed
2026-09-24T09:17:13.0934731Z 20/20 passed
2026-09-24T09:17:14.7984209Z 15/15 passed
2026-09-24T09:17:16.0533239Z 4/4 passed
2026-09-24T09:17:17.5056803Z 8/8 passed
2026-09-24T09:17:19.0423016Z 13/13 passed
2026-09-24T09:17:19.0463009Z ALL HOST TESTS PASSED
